]0;~/Dropbox/dydaktyka/projekt_badawczy/pb_rekrutacja[?1034hMBP-Krzysztof:pb_rekrutacja krzysztof$ [KMBP-Krzysztof:pb_rekrutacja krzysztof$ git [K
usage: git [--version] [--help] [-C <path>] [-c name=value]
           [--exec-path[=<path>]] [--html-path] [--man-path] [--info-path]
           [-p | --paginate | --no-pager] [--no-replace-objects] [--bare]
           [--git-dir=<path>] [--work-tree=<path>] [--namespace=<name>]
           <command> [<args>]

These are common Git commands used in various situations:

start a working area (see also: git help tutorial)
   clone      Clone a repository into a new directory
   init       Create an empty Git repository or reinitialize an existing one

work on the current change (see also: git help everyday)
   add        Add file contents to the index
   mv         Move or rename a file, a directory, or a symlink
   reset      Reset current HEAD to the specified state
   rm         Remove files from the working tree and from the index

examine the history and state (see also: git help revisions)
   bisect     Use binary search to find the commit that introduced a bug
   grep       Print lines matching a pattern
   log        Show commit logs
   show       Show various types of objects
   status     Show the working tree status

grow, mark and tweak your common history
   branch     List, create, or delete branches
   checkout   Switch branches or restore working tree files
   commit     Record changes to the repository
   diff       Show changes between commits, commit and working tree, etc
   merge      Join two or more development histories together
   rebase     Reapply commits on top of another base tip
   tag        Create, list, delete or verify a tag object signed with GPG

collaborate (see also: git help workflows)
   fetch      Download objects and refs from another repository
   pull       Fetch from and integrate with another repository or a local branch
   push       Update remote refs along with associated objects

'git help -a' and 'git help -g' list available subcommands and some
concept guides. See 'git help <command>' or 'git help <concept>'
to read about a specific subcommand or concept.
]0;~/Dropbox/dydaktyka/projekt_badawczy/pb_rekrutacjaMBP-Krzysztof:pb_rekrutacja krzysztof$ git init
Initialized empty Git repository in /Users/krzysztof/Dropbox/dydaktyka/projekt_badawczy/pb_rekrutacja/.git/
]0;~/Dropbox/dydaktyka/projekt_badawczy/pb_rekrutacjaMBP-Krzysztof:pb_rekrutacja krzysztof$ git add .
]0;~/Dropbox/dydaktyka/projekt_badawczy/pb_rekrutacjaMBP-Krzysztof:pb_rekrutacja krzysztof$ git commit -m 'init commo[Kit
> '
[master (root-commit) 6f17f1d] init commit
 15 files changed, 562 insertions(+)
 create mode 100644 .Rproj.user/1724DDAD/console06/63FF1647
 create mode 100644 .Rproj.user/1724DDAD/console06/63FF1647.env
 create mode 100644 .Rproj.user/1724DDAD/console06/INDEX001
 create mode 100644 .Rproj.user/1724DDAD/sources/prop/DB83B3EB
 create mode 100644 .Rproj.user/1724DDAD/sources/prop/INDEX
 create mode 100644 .Rproj.user/1724DDAD/sources/s-CB2513A6/D894CE92
 create mode 100644 .Rproj.user/1724DDAD/sources/s-CB2513A6/D894CE92-contents
 create mode 100644 .Rproj.user/1724DDAD/sources/s-CB2513A6/lock_file
 create mode 100644 .Rproj.user/shared/notebooks/BD908730-opiekunowie/1/1724DDADCB2513A6/chunks.json
 create mode 100644 .Rproj.user/shared/notebooks/BD908730-opiekunowie/1/s/chunks.json
 create mode 100644 .Rproj.user/shared/notebooks/patch-chunk-names
 create mode 100644 .Rproj.user/shared/notebooks/paths
 create mode 100644 opiekunowie.Rmd
 create mode 100644 opiekunowie.html
 create mode 100644 pb_rekrutacja.Rproj
]0;~/Dropbox/dydaktyka/projekt_badawczy/pb_rekrutacjaMBP-Krzysztof:pb_rekrutacja krzysztof$ git remote add origin https://github.com/k-basinski/pb_rekrutacja.git
]0;~/Dropbox/dydaktyka/projekt_badawczy/pb_rekrutacjaMBP-Krzysztof:pb_rekrutacja krzysztof$ git push -u origin master
Counting objects: 25, done.
Delta compression using up to 4 threads.
Compressing objects:   4% (1/21)   Compressing objects:   9% (2/21)   Compressing objects:  14% (3/21)   Compressing objects:  19% (4/21)   Compressing objects:  23% (5/21)   Compressing objects:  28% (6/21)   Compressing objects:  33% (7/21)   Compressing objects:  38% (8/21)   Compressing objects:  42% (9/21)   Compressing objects:  47% (10/21)   Compressing objects:  52% (11/21)   Compressing objects:  57% (12/21)   Compressing objects:  61% (13/21)   Compressing objects:  66% (14/21)   Compressing objects:  71% (15/21)   Compressing objects:  76% (16/21)   Compressing objects:  80% (17/21)   Compressing objects:  85% (18/21)   Compressing objects:  90% (19/21)   Compressing objects:  95% (20/21)   Compressing objects: 100% (21/21)   Compressing objects: 100% (21/21), done.
Writing objects:   4% (1/25)   Writing objects:   8% (2/25)   Writing objects:  12% (3/25)   Writing objects:  16% (4/25)   Writing objects:  20% (5/25)   Writing objects:  24% (6/25)   Writing objects:  28% (7/25)   Writing objects:  32% (8/25)   Writing objects:  36% (9/25)   Writing objects:  40% (10/25)   Writing objects:  44% (11/25)   Writing objects:  48% (12/25)   Writing objects:  52% (13/25)   Writing objects:  56% (14/25)   Writing objects:  60% (15/25)   Writing objects:  64% (16/25)   Writing objects:  68% (17/25)   Writing objects:  72% (18/25)   Writing objects:  76% (19/25)   Writing objects:  80% (20/25)   Writing objects:  84% (21/25)   Writing objects:  88% (22/25)   Writing objects:  92% (23/25)   Writing objects:  96% (24/25)   Writing objects: 100% (25/25)   Writing objects: 100% (25/25), 331.51 KiB | 3.38 MiB/s, done.
Total 25 (delta 0), reused 0 (delta 0)
remote: 
remote: Create a pull request for 'master' on GitHub by visiting:[K
remote:      https://github.com/k-basinski/pb_rekrutacja/pull/new/master[K
remote: 
To https://github.com/k-basinski/pb_rekrutacja.git
 * [new branch]      master -> master
Branch master set up to track remote branch master from origin.
]0;~/Dropbox/dydaktyka/projekt_badawczy/pb_rekrutacjaMBP-Krzysztof:pb_rekrutacja krzysztof$ git add .
]0;~/Dropbox/dydaktyka/projekt_badawczy/pb_rekrutacjaMBP-Krzysztof:pb_rekrutacja krzysztof$ git commit -m 'add readme'
[master ab2c3a7] add readme
 6 files changed, 47 insertions(+)
 create mode 100644 .Rproj.user/1724DDAD/sources/prop/B477733F
 create mode 100644 .Rproj.user/1724DDAD/sources/s-CB2513A6/9A8A8B0-contents
 create mode 100644 README.md
]0;~/Dropbox/dydaktyka/projekt_badawczy/pb_rekrutacjaMBP-Krzysztof:pb_rekrutacja krzysztof$ gpom
Counting objects: 15, done.
Delta compression using up to 4 threads.
Compressing objects:   7% (1/14)   Compressing objects:  14% (2/14)   Compressing objects:  21% (3/14)   Compressing objects:  28% (4/14)   Compressing objects:  35% (5/14)   Compressing objects:  42% (6/14)   Compressing objects:  50% (7/14)   Compressing objects:  57% (8/14)   Compressing objects:  64% (9/14)   Compressing objects:  71% (10/14)   Compressing objects:  78% (11/14)   Compressing objects:  85% (12/14)   Compressing objects:  92% (13/14)   Compressing objects: 100% (14/14)   Compressing objects: 100% (14/14), done.
Writing objects:   6% (1/15)   Writing objects:  13% (2/15)   Writing objects:  20% (3/15)   Writing objects:  26% (4/15)   Writing objects:  33% (5/15)   Writing objects:  40% (6/15)   Writing objects:  46% (7/15)   Writing objects:  53% (8/15)   Writing objects:  60% (9/15)   Writing objects:  66% (10/15)   Writing objects:  73% (11/15)   Writing objects:  80% (12/15)   Writing objects:  86% (13/15)   Writing objects:  93% (14/15)   Writing objects: 100% (15/15)   Writing objects: 100% (15/15), 3.35 KiB | 686.00 KiB/s, done.
Total 15 (delta 1), reused 0 (delta 0)
remote: Resolving deltas:   0% (0/1)   [Kremote: Resolving deltas: 100% (1/1)   [Kremote: Resolving deltas: 100% (1/1), completed with 1 local object.[K
To https://github.com/k-basinski/pb_rekrutacja.git
   6f17f1d..ab2c3a7  master -> master
[KMBP-Krzysztof:pb_rekrutacja krzysztof$ git add .
]0;~/Dropbox/dydaktyka/projekt_badawczy/pb_rekrutacjaMBP-Krzysztof:pb_rekrutacja krzysztof$ git commit =m[K[K-m "literowki"
[master da49ab6] literowki
 4 files changed, 11 insertions(+), 14 deletions(-)
 rewrite .Rproj.user/1724DDAD/console06/INDEX001 (86%)
]0;~/Dropbox/dydaktyka/projekt_badawczy/pb_rekrutacjaMBP-Krzysztof:pb_rekrutacja krzysztof$ gpom
Counting objects: 9, done.
Delta compression using up to 4 threads.
Compressing objects:  11% (1/9)   Compressing objects:  22% (2/9)   Compressing objects:  33% (3/9)   Compressing objects:  44% (4/9)   Compressing objects:  55% (5/9)   Compressing objects:  66% (6/9)   Compressing objects:  77% (7/9)   Compressing objects:  88% (8/9)   Compressing objects: 100% (9/9)   Compressing objects: 100% (9/9), done.
Writing objects:  11% (1/9)   Writing objects:  22% (2/9)   Writing objects:  33% (3/9)   Writing objects:  44% (4/9)   Writing objects:  55% (5/9)   Writing objects:  66% (6/9)   Writing objects:  77% (7/9)   Writing objects:  88% (8/9)   Writing objects: 100% (9/9)   Writing objects: 100% (9/9), 1.15 KiB | 1.15 MiB/s, done.
Total 9 (delta 4), reused 0 (delta 0)
remote: Resolving deltas:   0% (0/4)   [Kremote: Resolving deltas:  25% (1/4)   [Kremote: Resolving deltas:  50% (2/4)   [Kremote: Resolving deltas:  75% (3/4)   [Kremote: Resolving deltas: 100% (4/4)   [Kremote: Resolving deltas: 100% (4/4), completed with 4 local objects.[K
To https://github.com/k-basinski/pb_rekrutacja.git
   3dfc393..da49ab6  master -> master
]0;~/Dropbox/dydaktyka/projekt_badawczy/pb_rekrutacjaMBP-Krzysztof:pb_rekrutacja krzysztof$ git add ..
fatal: ..: '..' is outside repository
]0;~/Dropbox/dydaktyka/projekt_badawczy/pb_rekrutacjaMBP-Krzysztof:pb_rekrutacja krzysztof$ git add ..
fatal: ..: '..' is outside repository
]0;~/Dropbox/dydaktyka/projekt_badawczy/pb_rekrutacjaMBP-Krzysztof:pb_rekrutacja krzysztof$ git add ..[K
]0;~/Dropbox/dydaktyka/projekt_badawczy/pb_rekrutacjaMBP-Krzysztof:pb_rekrutacja krzysztof$ git commit - : [K[K[Km " [Kdodana prezentacja"
[master 0ca81cc] dodana prezentacja
 8 files changed, 714 insertions(+), 18 deletions(-)
 create mode 100644 01nauka_pl.Rmd
 create mode 100644 01nauka_pl.html
]0;~/Dropbox/dydaktyka/projekt_badawczy/pb_rekrutacjaMBP-Krzysztof:pb_rekrutacja krzysztof$ gpom
Counting objects: 17, done.
Delta compression using up to 4 threads.
Compressing objects:   6% (1/15)   Compressing objects:  13% (2/15)   Compressing objects:  20% (3/15)   Compressing objects:  26% (4/15)   Compressing objects:  33% (5/15)   Compressing objects:  40% (6/15)   Compressing objects:  46% (7/15)   Compressing objects:  53% (8/15)   Compressing objects:  60% (9/15)   Compressing objects:  66% (10/15)   Compressing objects:  73% (11/15)   Compressing objects:  80% (12/15)   Compressing objects:  86% (13/15)   Compressing objects:  93% (14/15)   Compressing objects: 100% (15/15)   Compressing objects: 100% (15/15), done.
Writing objects:   5% (1/17)   Writing objects:  11% (2/17)   Writing objects:  17% (3/17)   Writing objects:  23% (4/17)   Writing objects:  29% (5/17)   Writing objects:  35% (6/17)   Writing objects:  41% (7/17)   Writing objects:  47% (8/17)   Writing objects:  52% (9/17)   Writing objects:  58% (10/17)   Writing objects:  64% (11/17)   Writing objects:  70% (12/17)   Writing objects:  76% (13/17)   Writing objects:  82% (14/17)   Writing objects:  88% (15/17)   Writing objects:  94% (16/17)   Writing objects: 100% (17/17)   Writing objects: 100% (17/17), 74.03 KiB | 2.06 MiB/s, done.
Total 17 (delta 8), reused 0 (delta 0)
remote: Resolving deltas:   0% (0/8)   [Kremote: Resolving deltas:  12% (1/8)   [Kremote: Resolving deltas:  37% (3/8)   [Kremote: Resolving deltas:  50% (4/8)   [Kremote: Resolving deltas:  62% (5/8)   [Kremote: Resolving deltas:  75% (6/8)   [Kremote: Resolving deltas:  87% (7/8)   [Kremote: Resolving deltas: 100% (8/8)   [Kremote: Resolving deltas: 100% (8/8), completed with 7 local objects.[K
To https://github.com/k-basinski/pb_rekrutacja.git
   da49ab6..0ca81cc  master -> master
gut[K[Kit add .
